// Jest Snapshot v1, https://goo.gl/fbAQLP

exports[`#Login when mounting matches last snapshot 1`] = `
<div
  className=""
>
  <form
    onSubmit={[MockFunction]}
  >
    <input />
    <button
      className=""
      data-testid="search-bar-submit-button"
      type="submit"
    >
      Search
    </button>
  </form>
</div>
`;

exports[`#SearchBar when mounting matches last snapshot 1`] = `
<div
  className=""
>
  <form
    onSubmit={[MockFunction]}
  >
    <input />
    <button
      className=""
      data-testid="search-bar-submit-button"
      type="submit"
    >
      Search
    </button>
  </form>
</div>
`;
